test//c_compiler.per:25:1:
   |
25 | prop CompileDecl: MetaFun(CDecl, Text)
   | ^
unexpected 'p'
expecting "/*", carriage return, end of input, newline, space, or tab
