((fromList [], fromList [], fromList []),
 Declare
   Obj
   (Rigid (NameObjIntro (Id {unId = 0})))
   (Rigid (TypeType Obj))
   (Define
      (Rigid (NameObjIntro (Id {unId = 0})))
      (RecType (fromList []))
      (Declare
         Obj
         (Rigid (NameObjIntro (Id {unId = 1})))
         (GlobalVar (Id {unId = 0}))
         (Define
            (Rigid (NameObjIntro (Id {unId = 1})))
            (RecIntro (fromList []))
            (Rigid (TypeType Obj))))))
