((fromList [], fromList [], fromList []),
 Declare
   Obj
   (Rigid
      (RNameIntro
         (UserName "<PLACEHOLDER>") Obj (Id {unId = 0})))
   (RecType (fromList []))
   (Declare
      Obj
      (Rigid
         (RNameIntro
            (UserName "<PLACEHOLDER>") Obj (Id {unId = 1})))
      (RecType (fromList []))
      (Define
         (Rigid
            (RNameIntro
               (UserName "<PLACEHOLDER>") Obj (Id {unId = 0})))
         (GlobalVar
            (Rigid
               (RNameIntro (UserName "y") Obj (Id {unId = 1})))
            False)
         (Define
            (Rigid
               (RNameIntro
                  (UserName "<PLACEHOLDER>") Obj (Id {unId = 1})))
            (GlobalVar
               (Rigid
                  (RNameIntro (UserName "x") Obj (Id {unId = 0})))
               False)
            (Rigid (TypeType Obj))))))
